// Jest Snapshot v1, https://goo.gl/fbAQLP

exports[`Header Component renders correctly 1`] = `
<div>
  <div
    class="headerItems"
  >
    <div
      class="searchSection"
    >
      <div
        class="searchBarContainer"
      >
        <div
          style="position: relative;"
        >
          <input
            id="input"
            name="searchBar"
            placeholder="Search Games"
            type="text"
          />
        </div>
      </div>
    </div>
  </div>
</div>
`;
